===== LOG STARTED: 05.09.2026 17:50:34=====
=====Version=2.1.50 Build=42001050 P=True NoDelayELM327Init=False
====Connection profile=Honda Honda/Acura Hybrids
[Connection type: Bluetooth; DeviceName=OBDII]

[Connecting to AA:BB:CC:11:22:33]
[BTConnectionStart, Method=1]
[BTConnectionEstablished, Method=1]
got streams from client

[Connected to AA:BB:CC:11:22:33]
ATZ
ATE0









[ELM RESET]


ELM327 v1.5

>
Initialize(initMode=Default)


InitializeDefaultInitString(ProtocolNumber=7,initMode=Default,useATST96=False)
ATE0
ATE0
OK

>ATE0
OK

>STI
?

>
[STSupported=False(ByResponse)]VTI
?

>
[VTSupported=False(ByResponse)]
[ELM RESET]
ATD

OK

>ATD0
ATD0
OK

>ATE0
ATE0
OK

>ATH1
OK

>ATSP7
OK

>ATE0
OK

>ATH1
OK

>ATM0
OK

>ATS0
OK

>ATAT0
OK

>ATAL
OK

>ATST64
OK

>0100
18DAF1EF06410090188011
18DAF10706410090188013
18DAF110064100B63CA813
18DAF10606410098188013
18DAF10106410098188013
18DAF10206410098188013

>
[cmd_reply=] 18DAF1EF06410090188011
18DAF10706410090188013
18DAF110064100B63CA813
18DAF10606410098188013
18DAF10106410098188013
18DAF10206410098188013

>

[Trying to decode:
18DAF1EF06410090188011
18DAF10706410090188013
18DAF110064100B63CA813
18DAF10606410098188013
18DAF10106410098188013
18DAF10206410098188013

>
ELMFormat=CAN29bit]

[DecodeResult=True]
0100
18DAF1EF06410090188011
18DAF10706410090188013
18DAF10106410098188013
18DAF110064100B63CA813
18DAF10206410098188013
18DAF10606410098188013

>0120
18DAF1EF06412000000001
18DAF10706412080018001
18DAF10206412080008001
18DAF110064120A01EB011
18DAF10106412080008001
18DAF10606412080008001

>0140
18DAF1EF06414040000001
18DAF10706414040C00021
18DAF101064140C0000021
18DAF11006414072008C21
18DAF102064140C0000000
18DAF106064140C0000000

>0160
18DAF1EF06416002000000
18DAF10706416002000000
18DAF10106416000000001
18DAF11006416007100001

>0180
18DAF10106418000000040
18DAF11006418000000002

>22F500
NO DATA

>0166
18DAF1100741660100D20000

>0167
18DAF1EF054167037F55
18DAF107054167037F56
18DAF110054167037F55

>0168
18DAF11010094168035D6500
18DAF1102100000055555555

>016C
18DAF11007416C030F0E0000

>019A
18DAF1011008419A07004123
18DAF10121FF815555555555

>019F
18DAF110100B419F01FF0000
18DAF1102100000000005555

>
[FUELRATE: MAF;FuelRate=123:False:Engine fuel rate;MAF=133:True:Mass Air Flow Sensor A;MAP=11:True:Intake manifold absolute pressure;IAT=137:True:Intake air temperature B1S1;RPM=12:True:Engine RPM;AFR_LAMBDA=69:True:Oxygen sensor 1 Wide Range Equivalence ratio;FSS=null;LOAD_ABS=91:True:Absolute load value;LOAD_PCT=4:True:Calculated engine load value;Economizer=229:True:Fuel economizer (based on fuel system status and throttle position);BARO=67:True:Barometric pressure;AMBIENT_TEMP=94:False:Ambient air temperature;O2_V1=null;O2_V2=null;INJECTOR=122:False:Fuel injection timing;CYCLE_CONSUMPTION=null;]

[InstantFuelConsumption VSS=Id=13:Vehicle speed:True]

[SetRunning(True,From Start #2518)]

[5:50:46 PM:  [CarInfoViewModel.cs.Load()/450] CarInfoModel->Load(False): Started]
0100
18DAF1EF06410090188011
18DAF10706410090188013
18DAF110064100B63CA813
18DAF10106410098188013
18DAF10206410098188013
18DAF10606410098188013

>0902
18DAF10710144902014D5248
18DAF1072146453436343854
18DAF1072254313031323834

>0904
18DAF1EF1023490402333838
18DAF1071013490401354B38
18DAF1EF2139372D5436312D
18DAF1EF225A313130000033
18DAF1011013490401314B31
18DAF1EF23383839382D5436
18DAF1021023490402314B30
18DAF1EF24312D5A31313000
18DAF1101013490401333738
18DAF1EF2500555555555555
18DAF1072130312D364D432D
BUFFER FULL

>090A
18DAF1022500555555555555
18DAF1EF1017490A0147574D
18DAF1071017490A0150434D
18DAF1EF21002D4761746577
18DAF1101017490A0145434D
18DAF1EF2261790000000000
18DAF1011017490A01424543
18DAF1EF2300000055555555
18DAF1061017490A01534743
18DAF1021017490A01444D43
18DAF10721002D506F776572
1
BUFFER FULL

>
[5:50:48 PM:  [CarInfoViewModel.cs.Load()/543] CarInfoModel->Load(False): Finished]
0100
18DAF106236C000055555555
18DAF1EF06410090188011
18DAF10706410090188013
18DAF110064100B63CA813
18DAF10206410098188013
18DAF10106410098188013
18DAF10606410098188013

>0100
18DAF1EF06410090188011
18DAF10706410090188013
18DAF10106410098188013
18DAF10206410098188013
18DAF110064100B63CA813
18DAF10606410098188013

>0100
18DAF1EF06410090188011
18DAF10706410090188013
18DAF10206410098188013
18DAF110064100B63CA813
18DAF10106410098188013
18DAF10606410098188013

>ATRV
12.3V

>0101
18DAF1EF06410100040000
18DAF10706410100040000
18DAF1100641010007E100
18DAF10206410100040000
18DAF10106410100040000
18DAF10606410100040000

>0103
18DAF1100441030200

>ATRV
12.3V

>0101
18DAF1EF06410100040000
18DAF10706410100040000
18DAF10106410100040000
18DAF1100641010007E100
18DAF10206410100040000
18DAF10606410100040000

>0103
18DAF1100441030200

>0104
18DAF1EF03410464
18DAF10703410464
18DAF10603410464
18DAF11003410464
18DAF10103410464
18DAF10203410464

>0105
18DAF1010341057F
18DAF1020341057F
18DAF1060341057F

>0106
18DAF11003410688

>0107
18DAF11003410784

>010B
18DAF11003410B28

>010C
18DAF1EF04410C12C0
18DAF10704410C12C4
18DAF10104410C12C0
18DAF11004410C12C4
18DAF10204410C12C4
18DAF10604410C12C4

>010D
18DAF1EF03410D00
18DAF10703410D00
18DAF10603410D00
18DAF11003410D00
18DAF10103410D00
18DAF10203410D00

>010E
18DAF11003410E93

>0111
18DAF1EF03411128
18DAF10703411128
18DAF10203411128
18DAF11003411128
18DAF10103411128
18DAF10603411128

>ATRV
12.3V

>0101
18DAF1EF06410100040000
18DAF10706410100040000
18DAF10206410100040000
18DAF1100641010007E100
18DAF10106410100040000
18DAF10606410100040000

>0103
18DAF1100441030200

>0104
18DAF1EF03410466
18DAF10703410466
18DAF10603410466
18DAF11003410466
18DAF10103410466
18DAF10203410466

>0107
18DAF11003410784

>010B
18DAF11003410B29

>010C
18DAF1EF04410C12C0
18DAF10704410C12C4
18DAF10204410C12C0
18DAF11004410C12C0
18DAF10104410C12C4
18DAF10604410C12C0

>010D
18DAF1EF03410D00
18DAF10703410D00
18DAF10203410D00
18DAF11003410D00
18DAF10103410D00
18DAF10603410D00

>010E
18DAF11003410E91

>0131
18DAF1070441313D2B
18DAF1010441313D26
18DAF1020441313D26
18DAF1060441313D26
18DAF1100441313D26

>0133
18DAF11003413364

>0134
18DAF110064134841F800B

>013C
18DAF11004413C13EF

>0141
18DAF10206414100040000
18DAF10106414100040000
18DAF10606414100040000

>0142
18DAF1EF0441423101
18DAF1070441423219
18DAF1100441423138
18DAF1020441423034
18DAF1010441423020
18DAF1060441423034

>0131
18DAF1070441313D2B
18DAF1020441313D26
18DAF1100441313D26
18DAF1010441313D26
18DAF1060441313D26

>0133
18DAF11003413364

>0134
18DAF1100641348361800C

>013C
18DAF11004413C13EE

>0141
18DAF10106414100040000
18DAF10206414100040000
18DAF10606414100040000

>0142
18DAF1EF044142311F
18DAF1070441423232
18DAF1100441423133
18DAF1010441423020
18DAF102044142303E
18DAF106044142303E

>0143
18DAF1100441430040

>0134
18DAF110064134837E8008

>013C
18DAF11004413C13EE

>0141
18DAF10206414100040000
18DAF10106414100040000
18DAF10606414100040000

>0142
18DAF1EF044142311A
18DAF1070441423232
18DAF1100441423133
18DAF101044142302A
18DAF102044142303E
18DAF106044142303E

>0143
18DAF1100441430040

>0144
18DAF1100441447D20

>0147
18DAF11003414728

>0143
18DAF1100441430042

>0144
18DAF1100441447C95

>0147
18DAF11003414728

>0149
18DAF10703414931

>014A
18DAF10703414A18

>0151
18DAF11003415101

>0155
18DAF11003415580

>0156
18DAF11003415680

>015B
18DAF10703415B48
18DAF10103415B48
18DAF11003415B48

>0166
18DAF1100741660100170000

>0167
18DAF1EF054167037F57
18DAF107054167037F57
18DAF110054167037F57

>0168
18DAF11010094168035E6600
18DAF1102100000055555555

>016C
18DAF11007416C0301010000

>019A
18DAF1011008419A0700410E
18DAF1012100325555555555

>0143
18DAF1100441430000

>0144
18DAF1100441448000

>0147
18DAF1100341471F

>0149
18DAF10703414931

>014A
18DAF10703414A18

>0151
18DAF11003415101

>0156
18DAF11003415680

>015B
18DAF10703415B47
18DAF10103415B47
18DAF11003415B47

>0166
18DAF1100741660100000000

>0167
18DAF1EF054167037F57
18DAF107054167037F57
18DAF110054167037F57

>0168
18DAF11010094168035F6600
18DAF1102100000055555555

>016C
18DAF11007416C0301010000

>019A
18DAF1011008419A070040F9
18DAF1012100325555555555

>019F
18DAF110100B419F01000000
18DAF1102100000000005555

>010D
18DAF1EF03410D00
18DAF10703410D00
18DAF10203410D00
18DAF11003410D00
18DAF10103410D00
18DAF10603410D00

>0134
18DAF110064134FFFF8034

>010D
18DAF1EF03410D00
18DAF10703410D00
18DAF11003410D00
18DAF10203410D00
18DAF10103410D00
18DAF10603410D00

>0134
18DAF110064134FFFF8034

>0103
18DAF1100441030000

>0111
18DAF1070341111F
18DAF1020341111F
18DAF1060341111F

>0166
NO DATA

>010B
NO DATA

>019A
NO DATA

>010C
NO DATA

>012F
NO DATA

>010D
NO DATA

>0134
NO DATA

>01031
NO DATA

>0111
NO DATA

>019A
NO DATA

>010D
NO DATA

>012F
NO DATA

>0103
NO DATA

>0111
NO DATA

>0134
NO DATA

>0134
NO DATA

>0103
NO DATA

>0134
NO DATA

>0103
NO DATA

>0111
NO DATA

>0166
NO DATA

>019A
NO DATA

>010D
NO DATA

>ATSHDBEFF1
OK

>222012
NO DATA

>222010
NO DATA

>222001
NO DATA

>ATSHDB33F1
OK

>0134
NO DATA

>01031
NO DATA

>0111
NO DATA

>0166
NO DATA

>019A
NO DATA

>010D
NO DATA

>ATSHDBEFF1
OK

>222012
NO DATA

>222010
NO DATA

>222001
NO DATA

>ATSHDB33F1
OK

>0134
NO DATA

>01031
NO DATA

>0111
NO DATA

>0166
NO DATA

>019A
NO DATA

>010D
NO DATA
